// Jest Snapshot v1, https://goo.gl/fbAQLP

exports[`<Post /> should match snapshot 1`] = `
<div>
  <input
    class="text-input"
    placeholder="Search here"
    type="search"
    value=""
  />
</div>
`;
